Drill report for DMH_Slew_Mk2_PANEL.kicad_pcb
Created on 2026-06-25T20:44:20

Copper Layer Stackup:
    =============================================================
    L1 :  F.Cu                      front
    L2 :  B.Cu                      back


Drill file 'DMH_Slew_Mk2_PANEL-PTH-drl.gbr' contains
    plated through holes:
    =============================================================
    T1  0.300mm  0.0118"  (80 holes))
    T2  1.200mm  0.0472"  (3 holes)  (with 3 slots)
    T3  2.400mm  0.0945"  (6 holes))
    T4  3.200mm  0.1260"  (4 holes))
    T5  6.400mm  0.2520"  (6 holes))

    Total plated holes count 99


Drill file 'DMH_Slew_Mk2_PANEL-NPTH-drl.gbr' contains
    unplated through holes:
    =============================================================
    T1  3.100mm  0.1220"  (4 holes))

    Total unplated holes count 4
